// Jest Snapshot v1, https://goo.gl/fbAQLP

exports[`Footer renders correctly 1`] = `
<footer
  className="footer"
>
  <div
    className="has-text-centered"
  >
    <p>
      An open source list of React Tools.
    </p>
    <a
      className="text-gray-light"
      href="https://github.com/boyney123"
    >
      Developed by David Boyne
    </a>
    <p
      className="mt10"
    >
      <a
        className="twitter-follow-button"
        data-show-count="false"
        data-show-screen-name="false"
        data-size="large"
        href="https://twitter.com/boyney123?ref_src=twsrc%5Etfw"
      >
        Follow @boyney123
      </a>
    </p>
  </div>
</footer>
`;
