// Jest Snapshot v1, https://goo.gl/fbAQLP

exports[`Navigation renders correctly 1`] = `
<nav
  aria-label="main navigation"
  className="navbar"
  role="navigation"
>
  <div
    class="navbar-brand"
  >
    <mockConstructor
      to="/"
    >
      react.explore-tech.org
    </mockConstructor>
  </div>
</nav>
`;
